// Jest Snapshot v1, https://goo.gl/fbAQLP

exports[`renders correctly 1`] = `
<View
  accessibilityState={
    {
      "busy": undefined,
      "checked": undefined,
      "disabled": undefined,
      "expanded": undefined,
      "selected": undefined,
    }
  }
  accessibilityValue={
    {
      "max": undefined,
      "min": undefined,
      "now": undefined,
      "text": undefined,
    }
  }
  accessible={true}
  collapsable={false}
  focusable={true}
  onClick={[Function]}
  onResponderGrant={[Function]}
  onResponderMove={[Function]}
  onResponderRelease={[Function]}
  onResponderTerminate={[Function]}
  onResponderTerminationRequest={[Function]}
  onStartShouldSetResponder={[Function]}
  style={
    {
      "alignItems": "center",
      "opacity": 1,
      "paddingHorizontal": 8,
    }
  }
>
  <View
    collapsable={false}
    style={
      {
        "alignItems": "center",
        "backgroundColor": "#fff",
        "borderColor": "#ccc",
        "borderRadius": 8,
        "borderWidth": 1,
        "elevation": 2,
        "flexDirection": "row",
        "marginVertical": 4,
        "padding": 10,
        "shadowColor": "#000",
        "shadowOffset": {
          "height": 1,
          "width": 0,
        },
        "shadowOpacity": 0.1,
        "shadowRadius": 2,
        "transform": [
          {
            "scale": 1,
          },
        ],
        "width": "100%",
      }
    }
  >
    <Image
      resizeMode="contain"
      source={
        {
          "uri": "",
        }
      }
      style={
        {
          "height": 80,
          "width": 80,
        }
      }
    />
    <View
      style={
        {
          "flex": 1,
          "marginLeft": 10,
        }
      }
    >
      <Text
        style={
          {
            "fontSize": 16,
            "fontWeight": "bold",
          }
        }
      >
        Jean
      </Text>
      <Text
        style={
          {
            "color": "#888",
            "fontSize": 14,
            "marginTop": 5,
          }
        }
      >
        $
        1000
      </Text>
    </View>
    <View
      accessibilityState={
        {
          "busy": undefined,
          "checked": undefined,
          "disabled": undefined,
          "expanded": undefined,
          "selected": undefined,
        }
      }
      accessibilityValue={
        {
          "max": undefined,
          "min": undefined,
          "now": undefined,
          "text": undefined,
        }
      }
      accessible={true}
      collapsable={false}
      focusable={true}
      onClick={[Function]}
      onResponderGrant={[Function]}
      onResponderMove={[Function]}
      onResponderRelease={[Function]}
      onResponderTerminate={[Function]}
      onResponderTerminationRequest={[Function]}
      onStartShouldSetResponder={[Function]}
      style={
        {
          "borderRadius": 5,
          "opacity": 1,
          "padding": 5,
        }
      }
    />
  </View>
</View>
`;
